---
source: src/project_generator.rs
expression: content
---
"[\n  \"maturin==1.0.0\",\n  \"mypy[faster-cache]==1.0.0\",\n  \"pre-commit==1.0.0\",\n  \"pytest==1.0.0\",\n  \"pytest-cov==1.0.0\",\n  \"ruff==1.0.0\",\npytest-xdist==1.0.0\ntypes-ujson==1.0.0.20240515\n]"
