---
source: src/project_generator.rs
expression: content
---
"maturin==1.7.4\nmypy==1.12.0\npre-commit==4.0.0\npytest==8.3.3\npytest-cov==5.0.0\nruff==0.7.0\n-e .\n"
