---
source: src/github_actions.rs
expression: release_drafter_file_template_content
---
"name-template: 'v$RESOLVED_VERSION'\ntag-template: 'v$RESOLVED_VERSION'\nexclude-labels:\n  - 'dependencies'\n  - 'skip-changelog'\nversion-resolver:\n  major:\n    labels:\n      - 'breaking-change'\n  minor:\n    labels:\n      - 'enhancement'\n  default: patch\ncategories:\n  - title: 'âš  Breaking changes'\n    label: 'breaking-change'\n  - title: 'Features'\n    labels: 'enhancement'\n  - title: 'Bug Fixes'\n    labels: 'bug'\nchange-template: '- $TITLE @$AUTHOR (#$NUMBER)'\ntemplate: |\n  ## Changes\n\n  $CHANGES\n"
