---
source: src/python_files.rs
expression: dunder_main_content
---
"from my_project.main import main  #  pragma: no cover\n\nif __name__ == \"__main__\":\n    raise SystemExit(main())\n"
