---
source: src/project_generator.rs
expression: content
---
"mypy==1.12.0\npre-commit==4.0.0\npytest==8.3.3\npytest-cov==5.0.0\nruff==0.6.9\npytest-xdist==3.6.1\ntypes-ujson==5.10.0.20240515\n-e .\n"
