---
source: src/project_generator.rs
expression: content
---
"maturin==1.7.1\nmypy==1.11.2\npre-commit==3.8.0\npytest==8.3.3\npytest-cov==5.0.0\nruff==0.6.7\n-e .\n"
