---
source: src/python_files.rs
expression: content
---
"from my_project._version import VERSION\n\ndef test_versions_match():\n    assert VERSION == \"0.1.0\"\n"
