---
source: src/project_generator.rs
expression: content
---
"# Dummy data for testing\n"
