---
source: src/project_generator.rs
expression: content
---
"https://mytest.com\n"
