---
source: src/python_files.rs
expression: content
---
"from my_project._version import VERSION\n\n__version__ = VERSION\n"
